2026-08-30 23:36:00.068130: I tensorflow/core/platform/cpu_feature_guard.cc:210] This TensorFlow binary is optimized to use available CPU instructions in performance-critical operations.
To enable the following instructions: AVX2 FMA, in other operations, rebuild TensorFlow with the appropriate compiler flags.
/home/user2/.local/lib/python3.10/site-packages/google/api_core/_python_version_support.py:266: FutureWarning: You are using a Python version (3.10.12) which Google will stop supporting in new releases of google.api_core once it reaches its end of life (2026-10-04). Please upgrade to the latest Python version, or at least Python 3.11, to continue receiving updates for google.api_core past that date.
  warnings.warn(message, FutureWarning)
INFO 08-30 23:36:03 [__init__.py:244] Automatically detected platform cuda.
WARNING 08-30 23:36:03 [cuda.py:478] Detected different devices in the system: NVIDIA A100-SXM4-80GB, NVIDIA A100-SXM4-80GB, NVIDIA A100-SXM4-80GB, NVIDIA DGX Display, NVIDIA A100-SXM4-80GB. Please make sure to set `CUDA_DEVICE_ORDER=PCI_BUS_ID` to avoid unexpected behavior.
Scoring codellama/CodeLlama-7b-Instruct-hf on 1000 Stage-1 scenarios ...
  50/1000: ok=50 malformed=0 error=0 elapsed=83.1s
  100/1000: ok=100 malformed=0 error=0 elapsed=164.4s
  150/1000: ok=150 malformed=0 error=0 elapsed=245.4s
  200/1000: ok=200 malformed=0 error=0 elapsed=327.3s
  250/1000: ok=250 malformed=0 error=0 elapsed=408.5s
  300/1000: ok=300 malformed=0 error=0 elapsed=488.4s
  350/1000: ok=350 malformed=0 error=0 elapsed=569.4s
  400/1000: ok=400 malformed=0 error=0 elapsed=650.9s
  450/1000: ok=450 malformed=0 error=0 elapsed=730.8s
  500/1000: ok=500 malformed=0 error=0 elapsed=812.0s
  550/1000: ok=550 malformed=0 error=0 elapsed=893.6s
  600/1000: ok=600 malformed=0 error=0 elapsed=975.3s
  650/1000: ok=650 malformed=0 error=0 elapsed=1057.3s
  700/1000: ok=700 malformed=0 error=0 elapsed=1138.9s
  750/1000: ok=750 malformed=0 error=0 elapsed=1221.0s
  800/1000: ok=800 malformed=0 error=0 elapsed=1301.7s
  850/1000: ok=850 malformed=0 error=0 elapsed=1383.5s
  900/1000: ok=900 malformed=0 error=0 elapsed=1464.7s
  950/1000: ok=950 malformed=0 error=0 elapsed=1547.1s
  1000/1000: ok=1000 malformed=0 error=0 elapsed=1627.7s

=== STAGE-1 SUMMARY: codellama/CodeLlama-7b-Instruct-hf ===
model: codellama/CodeLlama-7b-Instruct-hf
total_requests: 1000
successful_requests: 1000
malformed_json: 0
inference_errors: 0
success_rate_pct: 100.0
mean_latency_sec: 1.6276
median_latency_sec: 1.5932
std_latency_sec: 0.1611
min_latency_sec: 1.4181
max_latency_sec: 4.08
total_runtime_sec: 1627.73
scenarios_per_minute: 36.86
Wrote ranking to results/rankings/codellama_7b_1000.csv
